
Memory Configuration

Name             Origin             Length             Attributes
flash            0x08000000         0x00020000         xr
sram             0x20000000         0x00005000         xrw
*default*        0x00000000         0xffffffff

Linker script and memory map


.text           0x08000000      0x140
 *(.vectors*)
 .vectors       0x08000000       0x1c startup.o
                0x08000000                vectors
 *(.text*)
 .text          0x0800001c       0x88 main.o
                0x0800001c                main
 .text          0x080000a4       0x9c startup.o
                0x080000a4                Reset_Handler
                0x08000130                UsageFault_Handler
                0x08000130                MM_Fault_Handler
                0x08000130                NMI_Handler
                0x08000130                Default_Handler
                0x08000130                BusFault_Handler
                0x08000130                HardFault_Handler
 *(.rodata*)
                0x08000140                _E_text = .

.glue_7         0x08000140        0x0
 .glue_7        0x00000000        0x0 linker stubs

.glue_7t        0x08000140        0x0
 .glue_7t       0x00000000        0x0 linker stubs

.vfp11_veneer   0x08000140        0x0
 .vfp11_veneer  0x00000000        0x0 linker stubs

.v4_bx          0x08000140        0x0
 .v4_bx         0x00000000        0x0 linker stubs

.data           0x20000000        0x0 load address 0x08000140
                0x20000000                _S_data = .
 *(.data)
 .data          0x20000000        0x0 main.o
 .data          0x20000000        0x0 startup.o
                0x20000000                . = ALIGN (0x4)
                0x20000000                _E_data = .

.bss            0x20000000     0x1000 load address 0x08000140
                0x20000000                _S_bss = .
 *(.bss*)
 .bss           0x20000000        0x0 main.o
 .bss           0x20000000        0x0 startup.o
                0x20000000                _E_bss = .
                0x20000000                . = ALIGN (0x4)
                0x20001000                . = (. + 0x1000)
 *fill*         0x20000000     0x1000 00
                0x20001000                _stack_top = .
LOAD main.o
LOAD startup.o
OUTPUT(Mohanad-cortex-m3.elf elf32-littlearm)

.debug_abbrev   0x00000000      0x12d
 .debug_abbrev  0x00000000       0x66 main.o
 .debug_abbrev  0x00000066       0xc7 startup.o

.debug_info     0x00000000      0x257
 .debug_info    0x00000000       0xa6 main.o
 .debug_info    0x000000a6      0x1b1 startup.o

.debug_line     0x00000000      0x157
 .debug_line    0x00000000       0xa3 main.o
 .debug_line    0x000000a3       0xb4 startup.o

.debug_loc      0x00000000       0x9c
 .debug_loc     0x00000000       0x38 main.o
 .debug_loc     0x00000038       0x64 startup.o

.debug_pubnames
                0x00000000       0x5f
 .debug_pubnames
                0x00000000       0x1b main.o
 .debug_pubnames
                0x0000001b       0x44 startup.o

.debug_pubtypes
                0x00000000       0x3e
 .debug_pubtypes
                0x00000000       0x1f main.o
 .debug_pubtypes
                0x0000001f       0x1f startup.o

.debug_aranges  0x00000000       0x40
 .debug_aranges
                0x00000000       0x20 main.o
 .debug_aranges
                0x00000020       0x20 startup.o

.debug_str      0x00000000      0x129
 .debug_str     0x00000000       0xa9 main.o
                                 0xdd (size before relaxing)
 .debug_str     0x000000a9       0x80 startup.o
                                0x151 (size before relaxing)

.comment        0x00000000       0x11
 .comment       0x00000000       0x11 main.o
                                 0x12 (size before relaxing)
 .comment       0x00000000       0x12 startup.o

.ARM.attributes
                0x00000000       0x30
 .ARM.attributes
                0x00000000       0x30 main.o
 .ARM.attributes
                0x00000030       0x30 startup.o

.debug_frame    0x00000000       0x7c
 .debug_frame   0x00000000       0x30 main.o
 .debug_frame   0x00000030       0x4c startup.o
